// Jest Snapshot v1, https://goo.gl/fbAQLP

exports[`db/framework/generateSQLInsert() can generate sql insert for simple model 1`] = `
"CREATE TABLE public.\\"model\\" (
\\"id\\" uuid NOT NULL DEFAULT public.uuid_generate_v4() PRIMARY KEY,
\\"name\\" text NOT NULL
);"
`;
